// Jest Snapshot v1, https://goo.gl/fbAQLP

exports[`Storyshots components/atoms 日付 1`] = `
<p
  className="MuiTypography-root MuiTypography-body1"
>
  10月10日
</p>
`;

exports[`Storyshots components/atoms/タスク タスク無し 1`] = `
<ul
  className="MuiList-root"
>
  <li
    className="MuiListItem-root MuiListItem-gutters"
    disabled={false}
  >
    <div
      className="MuiListItemText-root"
    >
      <span
        className="MuiTypography-root MuiListItemText-primary MuiTypography-body1"
      >
        タスクがありません。
      </span>
    </div>
  </li>
</ul>
`;

exports[`Storyshots components/atoms/タスク 短縮タスク 1`] = `
<ul
  className="MuiList-root"
>
  <ul>
    <li>
      短縮タスク短縮タ……
    </li>
  </ul>
  <ul>
    <li>
      短縮タスク短縮タ……
    </li>
  </ul>
</ul>
`;

exports[`Storyshots components/atoms/タスク 通常タスク 1`] = `
<ul
  className="MuiList-root"
>
  <ul>
    <li>
      タスクタスクタスクタスク
    </li>
  </ul>
  <ul>
    <li>
      タスクタスクタスクタスク
    </li>
  </ul>
</ul>
`;

exports[`Storyshots components/molecules/日付カード タスク込み 1`] = `
<div
  className="MuiPaper-root MuiPaper-elevation1 MuiCard-root makeStyles-root-249 MuiPaper-rounded"
  onClick={[Function]}
>
  <div
    className="MuiCardContent-root"
  >
    <p
      className="MuiTypography-root MuiTypography-body1"
    >
      10月10日
    </p>
    <p
      className="MuiTypography-root MuiTypography-body1 MuiTypography-alignCenter"
    >
      2
      件
    </p>
  </div>
</div>
`;

exports[`Storyshots components/molecules/日付カード ヘッダー 1`] = `
<div
  className="MuiPaper-root MuiPaper-elevation1 MuiCard-root makeStyles-root-90 MuiPaper-rounded"
  onClick={[Function]}
>
  <div
    className="MuiCardHeader-root makeStyles-header-91"
  >
    <div
      className="MuiCardHeader-content"
    >
      <span
        className="MuiTypography-root MuiCardHeader-title MuiTypography-h5 MuiTypography-displayBlock"
      >
        月
      </span>
    </div>
  </div>
  <div
    className="MuiCardContent-root"
  />
</div>
`;

exports[`Storyshots components/molecules/日付カード 日付込み 1`] = `
<div
  className="MuiPaper-root MuiPaper-elevation1 MuiCard-root makeStyles-root-188 MuiPaper-rounded"
  onClick={[Function]}
>
  <div
    className="MuiCardContent-root"
  >
    <p
      className="MuiTypography-root MuiTypography-body1"
    >
      10月10日
    </p>
  </div>
</div>
`;

exports[`Storyshots components/molecules/日付カード 空欄 1`] = `
<div
  className="MuiPaper-root MuiPaper-elevation1 MuiCard-root makeStyles-root-157 MuiPaper-rounded"
  onClick={[Function]}
>
  <div
    className="MuiCardContent-root"
  />
</div>
`;

exports[`Storyshots containers/organisms/カレンダー サンプル 1`] = `
<div
  className="MuiContainer-root MuiContainer-fixed MuiContainer-maxWidthLg"
>
  <ul
    className="MuiGridList-root"
    style={
      Object {
        "margin": -2,
      }
    }
  >
    <li
      className="MuiGridListTile-root"
      style={
        Object {
          "height": "auto",
          "padding": 2,
          "width": "14.285714285714286%",
        }
      }
    >
      <div
        className="MuiGridListTile-tile"
      >
        <div
          className="MuiPaper-root MuiPaper-elevation1 MuiCard-root makeStyles-root-322 MuiPaper-rounded"
          onClick={[Function]}
        >
          <div
            className="MuiCardHeader-root makeStyles-header-323"
          >
            <div
              className="MuiCardHeader-content"
            >
              <span
                className="MuiTypography-root MuiCardHeader-title MuiTypography-h5 MuiTypography-displayBlock"
              >
                日
              </span>
            </div>
          </div>
          <div
            className="MuiCardContent-root"
          />
        </div>
      </div>
    </li>
    <li
      className="MuiGridListTile-root"
      style={
        Object {
          "height": "auto",
          "padding": 2,
          "width": "14.285714285714286%",
        }
      }
    >
      <div
        className="MuiGridListTile-tile"
      >
        <div
          className="MuiPaper-root MuiPaper-elevation1 MuiCard-root makeStyles-root-322 MuiPaper-rounded"
          onClick={[Function]}
        >
          <div
            className="MuiCardHeader-root makeStyles-header-323"
          >
            <div
              className="MuiCardHeader-content"
            >
              <span
                className="MuiTypography-root MuiCardHeader-title MuiTypography-h5 MuiTypography-displayBlock"
              >
                月
              </span>
            </div>
          </div>
          <div
            className="MuiCardContent-root"
          />
        </div>
      </div>
    </li>
    <li
      className="MuiGridListTile-root"
      style={
        Object {
          "height": "auto",
          "padding": 2,
          "width": "14.285714285714286%",
        }
      }
    >
      <div
        className="MuiGridListTile-tile"
      >
        <div
          className="MuiPaper-root MuiPaper-elevation1 MuiCard-root makeStyles-root-322 MuiPaper-rounded"
          onClick={[Function]}
        >
          <div
            className="MuiCardHeader-root makeStyles-header-323"
          >
            <div
              className="MuiCardHeader-content"
            >
              <span
                className="MuiTypography-root MuiCardHeader-title MuiTypography-h5 MuiTypography-displayBlock"
              >
                火
              </span>
            </div>
          </div>
          <div
            className="MuiCardContent-root"
          />
        </div>
      </div>
    </li>
    <li
      className="MuiGridListTile-root"
      style={
        Object {
          "height": "auto",
          "padding": 2,
          "width": "14.285714285714286%",
        }
      }
    >
      <div
        className="MuiGridListTile-tile"
      >
        <div
          className="MuiPaper-root MuiPaper-elevation1 MuiCard-root makeStyles-root-322 MuiPaper-rounded"
          onClick={[Function]}
        >
          <div
            className="MuiCardHeader-root makeStyles-header-323"
          >
            <div
              className="MuiCardHeader-content"
            >
              <span
                className="MuiTypography-root MuiCardHeader-title MuiTypography-h5 MuiTypography-displayBlock"
              >
                水
              </span>
            </div>
          </div>
          <div
            className="MuiCardContent-root"
          />
        </div>
      </div>
    </li>
    <li
      className="MuiGridListTile-root"
      style={
        Object {
          "height": "auto",
          "padding": 2,
          "width": "14.285714285714286%",
        }
      }
    >
      <div
        className="MuiGridListTile-tile"
      >
        <div
          className="MuiPaper-root MuiPaper-elevation1 MuiCard-root makeStyles-root-322 MuiPaper-rounded"
          onClick={[Function]}
        >
          <div
            className="MuiCardHeader-root makeStyles-header-323"
          >
            <div
              className="MuiCardHeader-content"
            >
              <span
                className="MuiTypography-root MuiCardHeader-title MuiTypography-h5 MuiTypography-displayBlock"
              >
                木
              </span>
            </div>
          </div>
          <div
            className="MuiCardContent-root"
          />
        </div>
      </div>
    </li>
    <li
      className="MuiGridListTile-root"
      style={
        Object {
          "height": "auto",
          "padding": 2,
          "width": "14.285714285714286%",
        }
      }
    >
      <div
        className="MuiGridListTile-tile"
      >
        <div
          className="MuiPaper-root MuiPaper-elevation1 MuiCard-root makeStyles-root-322 MuiPaper-rounded"
          onClick={[Function]}
        >
          <div
            className="MuiCardHeader-root makeStyles-header-323"
          >
            <div
              className="MuiCardHeader-content"
            >
              <span
                className="MuiTypography-root MuiCardHeader-title MuiTypography-h5 MuiTypography-displayBlock"
              >
                金
              </span>
            </div>
          </div>
          <div
            className="MuiCardContent-root"
          />
        </div>
      </div>
    </li>
    <li
      className="MuiGridListTile-root"
      style={
        Object {
          "height": "auto",
          "padding": 2,
          "width": "14.285714285714286%",
        }
      }
    >
      <div
        className="MuiGridListTile-tile"
      >
        <div
          className="MuiPaper-root MuiPaper-elevation1 MuiCard-root makeStyles-root-322 MuiPaper-rounded"
          onClick={[Function]}
        >
          <div
            className="MuiCardHeader-root makeStyles-header-323"
          >
            <div
              className="MuiCardHeader-content"
            >
              <span
                className="MuiTypography-root MuiCardHeader-title MuiTypography-h5 MuiTypography-displayBlock"
              >
                土
              </span>
            </div>
          </div>
          <div
            className="MuiCardContent-root"
          />
        </div>
      </div>
    </li>
    <li
      className="MuiGridListTile-root"
      style={
        Object {
          "height": "auto",
          "padding": 2,
          "width": "14.285714285714286%",
        }
      }
    >
      <div
        className="MuiGridListTile-tile"
      >
        <div
          className="MuiPaper-root MuiPaper-elevation1 MuiCard-root makeStyles-root-322 MuiPaper-rounded"
          onClick={[Function]}
        >
          <div
            className="MuiCardContent-root"
          />
        </div>
      </div>
    </li>
    <li
      className="MuiGridListTile-root"
      style={
        Object {
          "height": "auto",
          "padding": 2,
          "width": "14.285714285714286%",
        }
      }
    >
      <div
        className="MuiGridListTile-tile"
      >
        <div
          className="MuiPaper-root MuiPaper-elevation1 MuiCard-root makeStyles-root-322 MuiPaper-rounded"
          onClick={[Function]}
        >
          <div
            className="MuiCardContent-root"
          />
        </div>
      </div>
    </li>
    <li
      className="MuiGridListTile-root"
      style={
        Object {
          "height": "auto",
          "padding": 2,
          "width": "14.285714285714286%",
        }
      }
    >
      <div
        className="MuiGridListTile-tile"
      >
        <div
          className="MuiPaper-root MuiPaper-elevation1 MuiCard-root makeStyles-root-322 MuiPaper-rounded"
          onClick={[Function]}
        >
          <div
            className="MuiCardContent-root"
          />
        </div>
      </div>
    </li>
    <li
      className="MuiGridListTile-root"
      style={
        Object {
          "height": "auto",
          "padding": 2,
          "width": "14.285714285714286%",
        }
      }
    >
      <div
        className="MuiGridListTile-tile"
      >
        <div
          className="MuiPaper-root MuiPaper-elevation1 MuiCard-root makeStyles-root-322 MuiPaper-rounded"
          onClick={[Function]}
        >
          <div
            className="MuiCardContent-root"
          />
        </div>
      </div>
    </li>
    <li
      className="MuiGridListTile-root"
      style={
        Object {
          "height": "auto",
          "padding": 2,
          "width": "14.285714285714286%",
        }
      }
    >
      <div
        className="MuiGridListTile-tile"
      >
        <div
          className="MuiPaper-root MuiPaper-elevation1 MuiCard-root makeStyles-root-322 MuiPaper-rounded"
          onClick={[Function]}
        >
          <div
            className="MuiCardContent-root"
          >
            <p
              className="MuiTypography-root MuiTypography-body1"
            >
              10月1日
            </p>
          </div>
        </div>
      </div>
    </li>
    <li
      className="MuiGridListTile-root"
      style={
        Object {
          "height": "auto",
          "padding": 2,
          "width": "14.285714285714286%",
        }
      }
    >
      <div
        className="MuiGridListTile-tile"
      >
        <div
          className="MuiPaper-root MuiPaper-elevation1 MuiCard-root makeStyles-root-322 MuiPaper-rounded"
          onClick={[Function]}
        >
          <div
            className="MuiCardContent-root"
          >
            <p
              className="MuiTypography-root MuiTypography-body1"
            >
              10月2日
            </p>
          </div>
        </div>
      </div>
    </li>
    <li
      className="MuiGridListTile-root"
      style={
        Object {
          "height": "auto",
          "padding": 2,
          "width": "14.285714285714286%",
        }
      }
    >
      <div
        className="MuiGridListTile-tile"
      >
        <div
          className="MuiPaper-root MuiPaper-elevation1 MuiCard-root makeStyles-root-322 MuiPaper-rounded"
          onClick={[Function]}
        >
          <div
            className="MuiCardContent-root"
          >
            <p
              className="MuiTypography-root MuiTypography-body1"
            >
              10月3日
            </p>
          </div>
        </div>
      </div>
    </li>
    <li
      className="MuiGridListTile-root"
      style={
        Object {
          "height": "auto",
          "padding": 2,
          "width": "14.285714285714286%",
        }
      }
    >
      <div
        className="MuiGridListTile-tile"
      >
        <div
          className="MuiPaper-root MuiPaper-elevation1 MuiCard-root makeStyles-root-322 MuiPaper-rounded"
          onClick={[Function]}
        >
          <div
            className="MuiCardContent-root"
          >
            <p
              className="MuiTypography-root MuiTypography-body1"
            >
              10月4日
            </p>
          </div>
        </div>
      </div>
    </li>
    <li
      className="MuiGridListTile-root"
      style={
        Object {
          "height": "auto",
          "padding": 2,
          "width": "14.285714285714286%",
        }
      }
    >
      <div
        className="MuiGridListTile-tile"
      >
        <div
          className="MuiPaper-root MuiPaper-elevation1 MuiCard-root makeStyles-root-322 MuiPaper-rounded"
          onClick={[Function]}
        >
          <div
            className="MuiCardContent-root"
          >
            <p
              className="MuiTypography-root MuiTypography-body1"
            >
              10月5日
            </p>
            <p
              className="MuiTypography-root MuiTypography-body1 MuiTypography-alignCenter"
            >
              1
              件
            </p>
          </div>
        </div>
      </div>
    </li>
    <li
      className="MuiGridListTile-root"
      style={
        Object {
          "height": "auto",
          "padding": 2,
          "width": "14.285714285714286%",
        }
      }
    >
      <div
        className="MuiGridListTile-tile"
      >
        <div
          className="MuiPaper-root MuiPaper-elevation1 MuiCard-root makeStyles-root-322 MuiPaper-rounded"
          onClick={[Function]}
        >
          <div
            className="MuiCardContent-root"
          >
            <p
              className="MuiTypography-root MuiTypography-body1"
            >
              10月6日
            </p>
          </div>
        </div>
      </div>
    </li>
    <li
      className="MuiGridListTile-root"
      style={
        Object {
          "height": "auto",
          "padding": 2,
          "width": "14.285714285714286%",
        }
      }
    >
      <div
        className="MuiGridListTile-tile"
      >
        <div
          className="MuiPaper-root MuiPaper-elevation1 MuiCard-root makeStyles-root-322 MuiPaper-rounded"
          onClick={[Function]}
        >
          <div
            className="MuiCardContent-root"
          >
            <p
              className="MuiTypography-root MuiTypography-body1"
            >
              10月7日
            </p>
          </div>
        </div>
      </div>
    </li>
    <li
      className="MuiGridListTile-root"
      style={
        Object {
          "height": "auto",
          "padding": 2,
          "width": "14.285714285714286%",
        }
      }
    >
      <div
        className="MuiGridListTile-tile"
      >
        <div
          className="MuiPaper-root MuiPaper-elevation1 MuiCard-root makeStyles-root-322 MuiPaper-rounded"
          onClick={[Function]}
        >
          <div
            className="MuiCardContent-root"
          >
            <p
              className="MuiTypography-root MuiTypography-body1"
            >
              10月8日
            </p>
          </div>
        </div>
      </div>
    </li>
    <li
      className="MuiGridListTile-root"
      style={
        Object {
          "height": "auto",
          "padding": 2,
          "width": "14.285714285714286%",
        }
      }
    >
      <div
        className="MuiGridListTile-tile"
      >
        <div
          className="MuiPaper-root MuiPaper-elevation1 MuiCard-root makeStyles-root-322 MuiPaper-rounded"
          onClick={[Function]}
        >
          <div
            className="MuiCardContent-root"
          >
            <p
              className="MuiTypography-root MuiTypography-body1"
            >
              10月9日
            </p>
          </div>
        </div>
      </div>
    </li>
    <li
      className="MuiGridListTile-root"
      style={
        Object {
          "height": "auto",
          "padding": 2,
          "width": "14.285714285714286%",
        }
      }
    >
      <div
        className="MuiGridListTile-tile"
      >
        <div
          className="MuiPaper-root MuiPaper-elevation1 MuiCard-root makeStyles-root-322 MuiPaper-rounded"
          onClick={[Function]}
        >
          <div
            className="MuiCardContent-root"
          >
            <p
              className="MuiTypography-root MuiTypography-body1"
            >
              10月10日
            </p>
          </div>
        </div>
      </div>
    </li>
    <li
      className="MuiGridListTile-root"
      style={
        Object {
          "height": "auto",
          "padding": 2,
          "width": "14.285714285714286%",
        }
      }
    >
      <div
        className="MuiGridListTile-tile"
      >
        <div
          className="MuiPaper-root MuiPaper-elevation1 MuiCard-root makeStyles-root-322 MuiPaper-rounded"
          onClick={[Function]}
        >
          <div
            className="MuiCardContent-root"
          >
            <p
              className="MuiTypography-root MuiTypography-body1"
            >
              10月11日
            </p>
          </div>
        </div>
      </div>
    </li>
    <li
      className="MuiGridListTile-root"
      style={
        Object {
          "height": "auto",
          "padding": 2,
          "width": "14.285714285714286%",
        }
      }
    >
      <div
        className="MuiGridListTile-tile"
      >
        <div
          className="MuiPaper-root MuiPaper-elevation1 MuiCard-root makeStyles-root-322 MuiPaper-rounded"
          onClick={[Function]}
        >
          <div
            className="MuiCardContent-root"
          >
            <p
              className="MuiTypography-root MuiTypography-body1"
            >
              10月12日
            </p>
          </div>
        </div>
      </div>
    </li>
    <li
      className="MuiGridListTile-root"
      style={
        Object {
          "height": "auto",
          "padding": 2,
          "width": "14.285714285714286%",
        }
      }
    >
      <div
        className="MuiGridListTile-tile"
      >
        <div
          className="MuiPaper-root MuiPaper-elevation1 MuiCard-root makeStyles-root-322 MuiPaper-rounded"
          onClick={[Function]}
        >
          <div
            className="MuiCardContent-root"
          >
            <p
              className="MuiTypography-root MuiTypography-body1"
            >
              10月13日
            </p>
          </div>
        </div>
      </div>
    </li>
    <li
      className="MuiGridListTile-root"
      style={
        Object {
          "height": "auto",
          "padding": 2,
          "width": "14.285714285714286%",
        }
      }
    >
      <div
        className="MuiGridListTile-tile"
      >
        <div
          className="MuiPaper-root MuiPaper-elevation1 MuiCard-root makeStyles-root-322 MuiPaper-rounded"
          onClick={[Function]}
        >
          <div
            className="MuiCardContent-root"
          >
            <p
              className="MuiTypography-root MuiTypography-body1"
            >
              10月14日
            </p>
          </div>
        </div>
      </div>
    </li>
    <li
      className="MuiGridListTile-root"
      style={
        Object {
          "height": "auto",
          "padding": 2,
          "width": "14.285714285714286%",
        }
      }
    >
      <div
        className="MuiGridListTile-tile"
      >
        <div
          className="MuiPaper-root MuiPaper-elevation1 MuiCard-root makeStyles-root-322 MuiPaper-rounded"
          onClick={[Function]}
        >
          <div
            className="MuiCardContent-root"
          >
            <p
              className="MuiTypography-root MuiTypography-body1"
            >
              10月15日
            </p>
          </div>
        </div>
      </div>
    </li>
    <li
      className="MuiGridListTile-root"
      style={
        Object {
          "height": "auto",
          "padding": 2,
          "width": "14.285714285714286%",
        }
      }
    >
      <div
        className="MuiGridListTile-tile"
      >
        <div
          className="MuiPaper-root MuiPaper-elevation1 MuiCard-root makeStyles-root-322 MuiPaper-rounded"
          onClick={[Function]}
        >
          <div
            className="MuiCardContent-root"
          >
            <p
              className="MuiTypography-root MuiTypography-body1"
            >
              10月16日
            </p>
          </div>
        </div>
      </div>
    </li>
    <li
      className="MuiGridListTile-root"
      style={
        Object {
          "height": "auto",
          "padding": 2,
          "width": "14.285714285714286%",
        }
      }
    >
      <div
        className="MuiGridListTile-tile"
      >
        <div
          className="MuiPaper-root MuiPaper-elevation1 MuiCard-root makeStyles-root-322 MuiPaper-rounded"
          onClick={[Function]}
        >
          <div
            className="MuiCardContent-root"
          >
            <p
              className="MuiTypography-root MuiTypography-body1"
            >
              10月17日
            </p>
          </div>
        </div>
      </div>
    </li>
    <li
      className="MuiGridListTile-root"
      style={
        Object {
          "height": "auto",
          "padding": 2,
          "width": "14.285714285714286%",
        }
      }
    >
      <div
        className="MuiGridListTile-tile"
      >
        <div
          className="MuiPaper-root MuiPaper-elevation1 MuiCard-root makeStyles-root-322 MuiPaper-rounded"
          onClick={[Function]}
        >
          <div
            className="MuiCardContent-root"
          >
            <p
              className="MuiTypography-root MuiTypography-body1"
            >
              10月18日
            </p>
          </div>
        </div>
      </div>
    </li>
    <li
      className="MuiGridListTile-root"
      style={
        Object {
          "height": "auto",
          "padding": 2,
          "width": "14.285714285714286%",
        }
      }
    >
      <div
        className="MuiGridListTile-tile"
      >
        <div
          className="MuiPaper-root MuiPaper-elevation1 MuiCard-root makeStyles-root-322 MuiPaper-rounded"
          onClick={[Function]}
        >
          <div
            className="MuiCardContent-root"
          >
            <p
              className="MuiTypography-root MuiTypography-body1"
            >
              10月19日
            </p>
          </div>
        </div>
      </div>
    </li>
    <li
      className="MuiGridListTile-root"
      style={
        Object {
          "height": "auto",
          "padding": 2,
          "width": "14.285714285714286%",
        }
      }
    >
      <div
        className="MuiGridListTile-tile"
      >
        <div
          className="MuiPaper-root MuiPaper-elevation1 MuiCard-root makeStyles-root-322 MuiPaper-rounded"
          onClick={[Function]}
        >
          <div
            className="MuiCardContent-root"
          >
            <p
              className="MuiTypography-root MuiTypography-body1"
            >
              10月20日
            </p>
          </div>
        </div>
      </div>
    </li>
    <li
      className="MuiGridListTile-root"
      style={
        Object {
          "height": "auto",
          "padding": 2,
          "width": "14.285714285714286%",
        }
      }
    >
      <div
        className="MuiGridListTile-tile"
      >
        <div
          className="MuiPaper-root MuiPaper-elevation1 MuiCard-root makeStyles-root-322 MuiPaper-rounded"
          onClick={[Function]}
        >
          <div
            className="MuiCardContent-root"
          >
            <p
              className="MuiTypography-root MuiTypography-body1"
            >
              10月21日
            </p>
          </div>
        </div>
      </div>
    </li>
    <li
      className="MuiGridListTile-root"
      style={
        Object {
          "height": "auto",
          "padding": 2,
          "width": "14.285714285714286%",
        }
      }
    >
      <div
        className="MuiGridListTile-tile"
      >
        <div
          className="MuiPaper-root MuiPaper-elevation1 MuiCard-root makeStyles-root-322 MuiPaper-rounded"
          onClick={[Function]}
        >
          <div
            className="MuiCardContent-root"
          >
            <p
              className="MuiTypography-root MuiTypography-body1"
            >
              10月22日
            </p>
          </div>
        </div>
      </div>
    </li>
    <li
      className="MuiGridListTile-root"
      style={
        Object {
          "height": "auto",
          "padding": 2,
          "width": "14.285714285714286%",
        }
      }
    >
      <div
        className="MuiGridListTile-tile"
      >
        <div
          className="MuiPaper-root MuiPaper-elevation1 MuiCard-root makeStyles-root-322 MuiPaper-rounded"
          onClick={[Function]}
        >
          <div
            className="MuiCardContent-root"
          >
            <p
              className="MuiTypography-root MuiTypography-body1"
            >
              10月23日
            </p>
          </div>
        </div>
      </div>
    </li>
    <li
      className="MuiGridListTile-root"
      style={
        Object {
          "height": "auto",
          "padding": 2,
          "width": "14.285714285714286%",
        }
      }
    >
      <div
        className="MuiGridListTile-tile"
      >
        <div
          className="MuiPaper-root MuiPaper-elevation1 MuiCard-root makeStyles-root-322 MuiPaper-rounded"
          onClick={[Function]}
        >
          <div
            className="MuiCardContent-root"
          >
            <p
              className="MuiTypography-root MuiTypography-body1"
            >
              10月24日
            </p>
          </div>
        </div>
      </div>
    </li>
    <li
      className="MuiGridListTile-root"
      style={
        Object {
          "height": "auto",
          "padding": 2,
          "width": "14.285714285714286%",
        }
      }
    >
      <div
        className="MuiGridListTile-tile"
      >
        <div
          className="MuiPaper-root MuiPaper-elevation1 MuiCard-root makeStyles-root-322 MuiPaper-rounded"
          onClick={[Function]}
        >
          <div
            className="MuiCardContent-root"
          >
            <p
              className="MuiTypography-root MuiTypography-body1"
            >
              10月25日
            </p>
          </div>
        </div>
      </div>
    </li>
    <li
      className="MuiGridListTile-root"
      style={
        Object {
          "height": "auto",
          "padding": 2,
          "width": "14.285714285714286%",
        }
      }
    >
      <div
        className="MuiGridListTile-tile"
      >
        <div
          className="MuiPaper-root MuiPaper-elevation1 MuiCard-root makeStyles-root-322 MuiPaper-rounded"
          onClick={[Function]}
        >
          <div
            className="MuiCardContent-root"
          >
            <p
              className="MuiTypography-root MuiTypography-body1"
            >
              10月26日
            </p>
          </div>
        </div>
      </div>
    </li>
    <li
      className="MuiGridListTile-root"
      style={
        Object {
          "height": "auto",
          "padding": 2,
          "width": "14.285714285714286%",
        }
      }
    >
      <div
        className="MuiGridListTile-tile"
      >
        <div
          className="MuiPaper-root MuiPaper-elevation1 MuiCard-root makeStyles-root-322 MuiPaper-rounded"
          onClick={[Function]}
        >
          <div
            className="MuiCardContent-root"
          >
            <p
              className="MuiTypography-root MuiTypography-body1"
            >
              10月27日
            </p>
          </div>
        </div>
      </div>
    </li>
    <li
      className="MuiGridListTile-root"
      style={
        Object {
          "height": "auto",
          "padding": 2,
          "width": "14.285714285714286%",
        }
      }
    >
      <div
        className="MuiGridListTile-tile"
      >
        <div
          className="MuiPaper-root MuiPaper-elevation1 MuiCard-root makeStyles-root-322 MuiPaper-rounded"
          onClick={[Function]}
        >
          <div
            className="MuiCardContent-root"
          >
            <p
              className="MuiTypography-root MuiTypography-body1"
            >
              10月28日
            </p>
          </div>
        </div>
      </div>
    </li>
    <li
      className="MuiGridListTile-root"
      style={
        Object {
          "height": "auto",
          "padding": 2,
          "width": "14.285714285714286%",
        }
      }
    >
      <div
        className="MuiGridListTile-tile"
      >
        <div
          className="MuiPaper-root MuiPaper-elevation1 MuiCard-root makeStyles-root-322 MuiPaper-rounded"
          onClick={[Function]}
        >
          <div
            className="MuiCardContent-root"
          >
            <p
              className="MuiTypography-root MuiTypography-body1"
            >
              10月29日
            </p>
          </div>
        </div>
      </div>
    </li>
    <li
      className="MuiGridListTile-root"
      style={
        Object {
          "height": "auto",
          "padding": 2,
          "width": "14.285714285714286%",
        }
      }
    >
      <div
        className="MuiGridListTile-tile"
      >
        <div
          className="MuiPaper-root MuiPaper-elevation1 MuiCard-root makeStyles-root-322 MuiPaper-rounded"
          onClick={[Function]}
        >
          <div
            className="MuiCardContent-root"
          >
            <p
              className="MuiTypography-root MuiTypography-body1"
            >
              10月30日
            </p>
          </div>
        </div>
      </div>
    </li>
    <li
      className="MuiGridListTile-root"
      style={
        Object {
          "height": "auto",
          "padding": 2,
          "width": "14.285714285714286%",
        }
      }
    >
      <div
        className="MuiGridListTile-tile"
      >
        <div
          className="MuiPaper-root MuiPaper-elevation1 MuiCard-root makeStyles-root-322 MuiPaper-rounded"
          onClick={[Function]}
        >
          <div
            className="MuiCardContent-root"
          >
            <p
              className="MuiTypography-root MuiTypography-body1"
            >
              10月31日
            </p>
          </div>
        </div>
      </div>
    </li>
  </ul>
</div>
`;

exports[`Storyshots containers/template/コンテンツテンプレート カレンダー 1`] = `
<main
  className="MuiContainer-root MuiContainer-fixed MuiContainer-maxWidthLg"
>
  <div
    className="MuiContainer-root MuiContainer-fixed MuiContainer-maxWidthLg"
  >
    <ul
      className="MuiGridList-root"
      style={
        Object {
          "margin": -2,
        }
      }
    >
      <li
        className="MuiGridListTile-root"
        style={
          Object {
            "height": "auto",
            "padding": 2,
            "width": "14.285714285714286%",
          }
        }
      >
        <div
          className="MuiGridListTile-tile"
        >
          <div
            className="MuiPaper-root MuiPaper-elevation1 MuiCard-root makeStyles-root-423 MuiPaper-rounded"
            onClick={[Function]}
          >
            <div
              className="MuiCardHeader-root makeStyles-header-424"
            >
              <div
                className="MuiCardHeader-content"
              >
                <span
                  className="MuiTypography-root MuiCardHeader-title MuiTypography-h5 MuiTypography-displayBlock"
                >
                  日
                </span>
              </div>
            </div>
            <div
              className="MuiCardContent-root"
            />
          </div>
        </div>
      </li>
      <li
        className="MuiGridListTile-root"
        style={
          Object {
            "height": "auto",
            "padding": 2,
            "width": "14.285714285714286%",
          }
        }
      >
        <div
          className="MuiGridListTile-tile"
        >
          <div
            className="MuiPaper-root MuiPaper-elevation1 MuiCard-root makeStyles-root-423 MuiPaper-rounded"
            onClick={[Function]}
          >
            <div
              className="MuiCardHeader-root makeStyles-header-424"
            >
              <div
                className="MuiCardHeader-content"
              >
                <span
                  className="MuiTypography-root MuiCardHeader-title MuiTypography-h5 MuiTypography-displayBlock"
                >
                  月
                </span>
              </div>
            </div>
            <div
              className="MuiCardContent-root"
            />
          </div>
        </div>
      </li>
      <li
        className="MuiGridListTile-root"
        style={
          Object {
            "height": "auto",
            "padding": 2,
            "width": "14.285714285714286%",
          }
        }
      >
        <div
          className="MuiGridListTile-tile"
        >
          <div
            className="MuiPaper-root MuiPaper-elevation1 MuiCard-root makeStyles-root-423 MuiPaper-rounded"
            onClick={[Function]}
          >
            <div
              className="MuiCardHeader-root makeStyles-header-424"
            >
              <div
                className="MuiCardHeader-content"
              >
                <span
                  className="MuiTypography-root MuiCardHeader-title MuiTypography-h5 MuiTypography-displayBlock"
                >
                  火
                </span>
              </div>
            </div>
            <div
              className="MuiCardContent-root"
            />
          </div>
        </div>
      </li>
      <li
        className="MuiGridListTile-root"
        style={
          Object {
            "height": "auto",
            "padding": 2,
            "width": "14.285714285714286%",
          }
        }
      >
        <div
          className="MuiGridListTile-tile"
        >
          <div
            className="MuiPaper-root MuiPaper-elevation1 MuiCard-root makeStyles-root-423 MuiPaper-rounded"
            onClick={[Function]}
          >
            <div
              className="MuiCardHeader-root makeStyles-header-424"
            >
              <div
                className="MuiCardHeader-content"
              >
                <span
                  className="MuiTypography-root MuiCardHeader-title MuiTypography-h5 MuiTypography-displayBlock"
                >
                  水
                </span>
              </div>
            </div>
            <div
              className="MuiCardContent-root"
            />
          </div>
        </div>
      </li>
      <li
        className="MuiGridListTile-root"
        style={
          Object {
            "height": "auto",
            "padding": 2,
            "width": "14.285714285714286%",
          }
        }
      >
        <div
          className="MuiGridListTile-tile"
        >
          <div
            className="MuiPaper-root MuiPaper-elevation1 MuiCard-root makeStyles-root-423 MuiPaper-rounded"
            onClick={[Function]}
          >
            <div
              className="MuiCardHeader-root makeStyles-header-424"
            >
              <div
                className="MuiCardHeader-content"
              >
                <span
                  className="MuiTypography-root MuiCardHeader-title MuiTypography-h5 MuiTypography-displayBlock"
                >
                  木
                </span>
              </div>
            </div>
            <div
              className="MuiCardContent-root"
            />
          </div>
        </div>
      </li>
      <li
        className="MuiGridListTile-root"
        style={
          Object {
            "height": "auto",
            "padding": 2,
            "width": "14.285714285714286%",
          }
        }
      >
        <div
          className="MuiGridListTile-tile"
        >
          <div
            className="MuiPaper-root MuiPaper-elevation1 MuiCard-root makeStyles-root-423 MuiPaper-rounded"
            onClick={[Function]}
          >
            <div
              className="MuiCardHeader-root makeStyles-header-424"
            >
              <div
                className="MuiCardHeader-content"
              >
                <span
                  className="MuiTypography-root MuiCardHeader-title MuiTypography-h5 MuiTypography-displayBlock"
                >
                  金
                </span>
              </div>
            </div>
            <div
              className="MuiCardContent-root"
            />
          </div>
        </div>
      </li>
      <li
        className="MuiGridListTile-root"
        style={
          Object {
            "height": "auto",
            "padding": 2,
            "width": "14.285714285714286%",
          }
        }
      >
        <div
          className="MuiGridListTile-tile"
        >
          <div
            className="MuiPaper-root MuiPaper-elevation1 MuiCard-root makeStyles-root-423 MuiPaper-rounded"
            onClick={[Function]}
          >
            <div
              className="MuiCardHeader-root makeStyles-header-424"
            >
              <div
                className="MuiCardHeader-content"
              >
                <span
                  className="MuiTypography-root MuiCardHeader-title MuiTypography-h5 MuiTypography-displayBlock"
                >
                  土
                </span>
              </div>
            </div>
            <div
              className="MuiCardContent-root"
            />
          </div>
        </div>
      </li>
      <li
        className="MuiGridListTile-root"
        style={
          Object {
            "height": "auto",
            "padding": 2,
            "width": "14.285714285714286%",
          }
        }
      >
        <div
          className="MuiGridListTile-tile"
        >
          <div
            className="MuiPaper-root MuiPaper-elevation1 MuiCard-root makeStyles-root-423 MuiPaper-rounded"
            onClick={[Function]}
          >
            <div
              className="MuiCardContent-root"
            />
          </div>
        </div>
      </li>
      <li
        className="MuiGridListTile-root"
        style={
          Object {
            "height": "auto",
            "padding": 2,
            "width": "14.285714285714286%",
          }
        }
      >
        <div
          className="MuiGridListTile-tile"
        >
          <div
            className="MuiPaper-root MuiPaper-elevation1 MuiCard-root makeStyles-root-423 MuiPaper-rounded"
            onClick={[Function]}
          >
            <div
              className="MuiCardContent-root"
            />
          </div>
        </div>
      </li>
      <li
        className="MuiGridListTile-root"
        style={
          Object {
            "height": "auto",
            "padding": 2,
            "width": "14.285714285714286%",
          }
        }
      >
        <div
          className="MuiGridListTile-tile"
        >
          <div
            className="MuiPaper-root MuiPaper-elevation1 MuiCard-root makeStyles-root-423 MuiPaper-rounded"
            onClick={[Function]}
          >
            <div
              className="MuiCardContent-root"
            />
          </div>
        </div>
      </li>
      <li
        className="MuiGridListTile-root"
        style={
          Object {
            "height": "auto",
            "padding": 2,
            "width": "14.285714285714286%",
          }
        }
      >
        <div
          className="MuiGridListTile-tile"
        >
          <div
            className="MuiPaper-root MuiPaper-elevation1 MuiCard-root makeStyles-root-423 MuiPaper-rounded"
            onClick={[Function]}
          >
            <div
              className="MuiCardContent-root"
            />
          </div>
        </div>
      </li>
      <li
        className="MuiGridListTile-root"
        style={
          Object {
            "height": "auto",
            "padding": 2,
            "width": "14.285714285714286%",
          }
        }
      >
        <div
          className="MuiGridListTile-tile"
        >
          <div
            className="MuiPaper-root MuiPaper-elevation1 MuiCard-root makeStyles-root-423 MuiPaper-rounded"
            onClick={[Function]}
          >
            <div
              className="MuiCardContent-root"
            >
              <p
                className="MuiTypography-root MuiTypography-body1"
              >
                10月1日
              </p>
            </div>
          </div>
        </div>
      </li>
      <li
        className="MuiGridListTile-root"
        style={
          Object {
            "height": "auto",
            "padding": 2,
            "width": "14.285714285714286%",
          }
        }
      >
        <div
          className="MuiGridListTile-tile"
        >
          <div
            className="MuiPaper-root MuiPaper-elevation1 MuiCard-root makeStyles-root-423 MuiPaper-rounded"
            onClick={[Function]}
          >
            <div
              className="MuiCardContent-root"
            >
              <p
                className="MuiTypography-root MuiTypography-body1"
              >
                10月2日
              </p>
            </div>
          </div>
        </div>
      </li>
      <li
        className="MuiGridListTile-root"
        style={
          Object {
            "height": "auto",
            "padding": 2,
            "width": "14.285714285714286%",
          }
        }
      >
        <div
          className="MuiGridListTile-tile"
        >
          <div
            className="MuiPaper-root MuiPaper-elevation1 MuiCard-root makeStyles-root-423 MuiPaper-rounded"
            onClick={[Function]}
          >
            <div
              className="MuiCardContent-root"
            >
              <p
                className="MuiTypography-root MuiTypography-body1"
              >
                10月3日
              </p>
            </div>
          </div>
        </div>
      </li>
      <li
        className="MuiGridListTile-root"
        style={
          Object {
            "height": "auto",
            "padding": 2,
            "width": "14.285714285714286%",
          }
        }
      >
        <div
          className="MuiGridListTile-tile"
        >
          <div
            className="MuiPaper-root MuiPaper-elevation1 MuiCard-root makeStyles-root-423 MuiPaper-rounded"
            onClick={[Function]}
          >
            <div
              className="MuiCardContent-root"
            >
              <p
                className="MuiTypography-root MuiTypography-body1"
              >
                10月4日
              </p>
            </div>
          </div>
        </div>
      </li>
      <li
        className="MuiGridListTile-root"
        style={
          Object {
            "height": "auto",
            "padding": 2,
            "width": "14.285714285714286%",
          }
        }
      >
        <div
          className="MuiGridListTile-tile"
        >
          <div
            className="MuiPaper-root MuiPaper-elevation1 MuiCard-root makeStyles-root-423 MuiPaper-rounded"
            onClick={[Function]}
          >
            <div
              className="MuiCardContent-root"
            >
              <p
                className="MuiTypography-root MuiTypography-body1"
              >
                10月5日
              </p>
            </div>
          </div>
        </div>
      </li>
      <li
        className="MuiGridListTile-root"
        style={
          Object {
            "height": "auto",
            "padding": 2,
            "width": "14.285714285714286%",
          }
        }
      >
        <div
          className="MuiGridListTile-tile"
        >
          <div
            className="MuiPaper-root MuiPaper-elevation1 MuiCard-root makeStyles-root-423 MuiPaper-rounded"
            onClick={[Function]}
          >
            <div
              className="MuiCardContent-root"
            >
              <p
                className="MuiTypography-root MuiTypography-body1"
              >
                10月6日
              </p>
            </div>
          </div>
        </div>
      </li>
      <li
        className="MuiGridListTile-root"
        style={
          Object {
            "height": "auto",
            "padding": 2,
            "width": "14.285714285714286%",
          }
        }
      >
        <div
          className="MuiGridListTile-tile"
        >
          <div
            className="MuiPaper-root MuiPaper-elevation1 MuiCard-root makeStyles-root-423 MuiPaper-rounded"
            onClick={[Function]}
          >
            <div
              className="MuiCardContent-root"
            >
              <p
                className="MuiTypography-root MuiTypography-body1"
              >
                10月7日
              </p>
            </div>
          </div>
        </div>
      </li>
      <li
        className="MuiGridListTile-root"
        style={
          Object {
            "height": "auto",
            "padding": 2,
            "width": "14.285714285714286%",
          }
        }
      >
        <div
          className="MuiGridListTile-tile"
        >
          <div
            className="MuiPaper-root MuiPaper-elevation1 MuiCard-root makeStyles-root-423 MuiPaper-rounded"
            onClick={[Function]}
          >
            <div
              className="MuiCardContent-root"
            >
              <p
                className="MuiTypography-root MuiTypography-body1"
              >
                10月8日
              </p>
            </div>
          </div>
        </div>
      </li>
      <li
        className="MuiGridListTile-root"
        style={
          Object {
            "height": "auto",
            "padding": 2,
            "width": "14.285714285714286%",
          }
        }
      >
        <div
          className="MuiGridListTile-tile"
        >
          <div
            className="MuiPaper-root MuiPaper-elevation1 MuiCard-root makeStyles-root-423 MuiPaper-rounded"
            onClick={[Function]}
          >
            <div
              className="MuiCardContent-root"
            >
              <p
                className="MuiTypography-root MuiTypography-body1"
              >
                10月9日
              </p>
            </div>
          </div>
        </div>
      </li>
      <li
        className="MuiGridListTile-root"
        style={
          Object {
            "height": "auto",
            "padding": 2,
            "width": "14.285714285714286%",
          }
        }
      >
        <div
          className="MuiGridListTile-tile"
        >
          <div
            className="MuiPaper-root MuiPaper-elevation1 MuiCard-root makeStyles-root-423 MuiPaper-rounded"
            onClick={[Function]}
          >
            <div
              className="MuiCardContent-root"
            >
              <p
                className="MuiTypography-root MuiTypography-body1"
              >
                10月10日
              </p>
            </div>
          </div>
        </div>
      </li>
      <li
        className="MuiGridListTile-root"
        style={
          Object {
            "height": "auto",
            "padding": 2,
            "width": "14.285714285714286%",
          }
        }
      >
        <div
          className="MuiGridListTile-tile"
        >
          <div
            className="MuiPaper-root MuiPaper-elevation1 MuiCard-root makeStyles-root-423 MuiPaper-rounded"
            onClick={[Function]}
          >
            <div
              className="MuiCardContent-root"
            >
              <p
                className="MuiTypography-root MuiTypography-body1"
              >
                10月11日
              </p>
            </div>
          </div>
        </div>
      </li>
      <li
        className="MuiGridListTile-root"
        style={
          Object {
            "height": "auto",
            "padding": 2,
            "width": "14.285714285714286%",
          }
        }
      >
        <div
          className="MuiGridListTile-tile"
        >
          <div
            className="MuiPaper-root MuiPaper-elevation1 MuiCard-root makeStyles-root-423 MuiPaper-rounded"
            onClick={[Function]}
          >
            <div
              className="MuiCardContent-root"
            >
              <p
                className="MuiTypography-root MuiTypography-body1"
              >
                10月12日
              </p>
            </div>
          </div>
        </div>
      </li>
      <li
        className="MuiGridListTile-root"
        style={
          Object {
            "height": "auto",
            "padding": 2,
            "width": "14.285714285714286%",
          }
        }
      >
        <div
          className="MuiGridListTile-tile"
        >
          <div
            className="MuiPaper-root MuiPaper-elevation1 MuiCard-root makeStyles-root-423 MuiPaper-rounded"
            onClick={[Function]}
          >
            <div
              className="MuiCardContent-root"
            >
              <p
                className="MuiTypography-root MuiTypography-body1"
              >
                10月13日
              </p>
            </div>
          </div>
        </div>
      </li>
      <li
        className="MuiGridListTile-root"
        style={
          Object {
            "height": "auto",
            "padding": 2,
            "width": "14.285714285714286%",
          }
        }
      >
        <div
          className="MuiGridListTile-tile"
        >
          <div
            className="MuiPaper-root MuiPaper-elevation1 MuiCard-root makeStyles-root-423 MuiPaper-rounded"
            onClick={[Function]}
          >
            <div
              className="MuiCardContent-root"
            >
              <p
                className="MuiTypography-root MuiTypography-body1"
              >
                10月14日
              </p>
            </div>
          </div>
        </div>
      </li>
      <li
        className="MuiGridListTile-root"
        style={
          Object {
            "height": "auto",
            "padding": 2,
            "width": "14.285714285714286%",
          }
        }
      >
        <div
          className="MuiGridListTile-tile"
        >
          <div
            className="MuiPaper-root MuiPaper-elevation1 MuiCard-root makeStyles-root-423 MuiPaper-rounded"
            onClick={[Function]}
          >
            <div
              className="MuiCardContent-root"
            >
              <p
                className="MuiTypography-root MuiTypography-body1"
              >
                10月15日
              </p>
            </div>
          </div>
        </div>
      </li>
      <li
        className="MuiGridListTile-root"
        style={
          Object {
            "height": "auto",
            "padding": 2,
            "width": "14.285714285714286%",
          }
        }
      >
        <div
          className="MuiGridListTile-tile"
        >
          <div
            className="MuiPaper-root MuiPaper-elevation1 MuiCard-root makeStyles-root-423 MuiPaper-rounded"
            onClick={[Function]}
          >
            <div
              className="MuiCardContent-root"
            >
              <p
                className="MuiTypography-root MuiTypography-body1"
              >
                10月16日
              </p>
            </div>
          </div>
        </div>
      </li>
      <li
        className="MuiGridListTile-root"
        style={
          Object {
            "height": "auto",
            "padding": 2,
            "width": "14.285714285714286%",
          }
        }
      >
        <div
          className="MuiGridListTile-tile"
        >
          <div
            className="MuiPaper-root MuiPaper-elevation1 MuiCard-root makeStyles-root-423 MuiPaper-rounded"
            onClick={[Function]}
          >
            <div
              className="MuiCardContent-root"
            >
              <p
                className="MuiTypography-root MuiTypography-body1"
              >
                10月17日
              </p>
            </div>
          </div>
        </div>
      </li>
      <li
        className="MuiGridListTile-root"
        style={
          Object {
            "height": "auto",
            "padding": 2,
            "width": "14.285714285714286%",
          }
        }
      >
        <div
          className="MuiGridListTile-tile"
        >
          <div
            className="MuiPaper-root MuiPaper-elevation1 MuiCard-root makeStyles-root-423 MuiPaper-rounded"
            onClick={[Function]}
          >
            <div
              className="MuiCardContent-root"
            >
              <p
                className="MuiTypography-root MuiTypography-body1"
              >
                10月18日
              </p>
            </div>
          </div>
        </div>
      </li>
      <li
        className="MuiGridListTile-root"
        style={
          Object {
            "height": "auto",
            "padding": 2,
            "width": "14.285714285714286%",
          }
        }
      >
        <div
          className="MuiGridListTile-tile"
        >
          <div
            className="MuiPaper-root MuiPaper-elevation1 MuiCard-root makeStyles-root-423 MuiPaper-rounded"
            onClick={[Function]}
          >
            <div
              className="MuiCardContent-root"
            >
              <p
                className="MuiTypography-root MuiTypography-body1"
              >
                10月19日
              </p>
            </div>
          </div>
        </div>
      </li>
      <li
        className="MuiGridListTile-root"
        style={
          Object {
            "height": "auto",
            "padding": 2,
            "width": "14.285714285714286%",
          }
        }
      >
        <div
          className="MuiGridListTile-tile"
        >
          <div
            className="MuiPaper-root MuiPaper-elevation1 MuiCard-root makeStyles-root-423 MuiPaper-rounded"
            onClick={[Function]}
          >
            <div
              className="MuiCardContent-root"
            >
              <p
                className="MuiTypography-root MuiTypography-body1"
              >
                10月20日
              </p>
            </div>
          </div>
        </div>
      </li>
      <li
        className="MuiGridListTile-root"
        style={
          Object {
            "height": "auto",
            "padding": 2,
            "width": "14.285714285714286%",
          }
        }
      >
        <div
          className="MuiGridListTile-tile"
        >
          <div
            className="MuiPaper-root MuiPaper-elevation1 MuiCard-root makeStyles-root-423 MuiPaper-rounded"
            onClick={[Function]}
          >
            <div
              className="MuiCardContent-root"
            >
              <p
                className="MuiTypography-root MuiTypography-body1"
              >
                10月21日
              </p>
            </div>
          </div>
        </div>
      </li>
      <li
        className="MuiGridListTile-root"
        style={
          Object {
            "height": "auto",
            "padding": 2,
            "width": "14.285714285714286%",
          }
        }
      >
        <div
          className="MuiGridListTile-tile"
        >
          <div
            className="MuiPaper-root MuiPaper-elevation1 MuiCard-root makeStyles-root-423 MuiPaper-rounded"
            onClick={[Function]}
          >
            <div
              className="MuiCardContent-root"
            >
              <p
                className="MuiTypography-root MuiTypography-body1"
              >
                10月22日
              </p>
            </div>
          </div>
        </div>
      </li>
      <li
        className="MuiGridListTile-root"
        style={
          Object {
            "height": "auto",
            "padding": 2,
            "width": "14.285714285714286%",
          }
        }
      >
        <div
          className="MuiGridListTile-tile"
        >
          <div
            className="MuiPaper-root MuiPaper-elevation1 MuiCard-root makeStyles-root-423 MuiPaper-rounded"
            onClick={[Function]}
          >
            <div
              className="MuiCardContent-root"
            >
              <p
                className="MuiTypography-root MuiTypography-body1"
              >
                10月23日
              </p>
            </div>
          </div>
        </div>
      </li>
      <li
        className="MuiGridListTile-root"
        style={
          Object {
            "height": "auto",
            "padding": 2,
            "width": "14.285714285714286%",
          }
        }
      >
        <div
          className="MuiGridListTile-tile"
        >
          <div
            className="MuiPaper-root MuiPaper-elevation1 MuiCard-root makeStyles-root-423 MuiPaper-rounded"
            onClick={[Function]}
          >
            <div
              className="MuiCardContent-root"
            >
              <p
                className="MuiTypography-root MuiTypography-body1"
              >
                10月24日
              </p>
            </div>
          </div>
        </div>
      </li>
      <li
        className="MuiGridListTile-root"
        style={
          Object {
            "height": "auto",
            "padding": 2,
            "width": "14.285714285714286%",
          }
        }
      >
        <div
          className="MuiGridListTile-tile"
        >
          <div
            className="MuiPaper-root MuiPaper-elevation1 MuiCard-root makeStyles-root-423 MuiPaper-rounded"
            onClick={[Function]}
          >
            <div
              className="MuiCardContent-root"
            >
              <p
                className="MuiTypography-root MuiTypography-body1"
              >
                10月25日
              </p>
            </div>
          </div>
        </div>
      </li>
      <li
        className="MuiGridListTile-root"
        style={
          Object {
            "height": "auto",
            "padding": 2,
            "width": "14.285714285714286%",
          }
        }
      >
        <div
          className="MuiGridListTile-tile"
        >
          <div
            className="MuiPaper-root MuiPaper-elevation1 MuiCard-root makeStyles-root-423 MuiPaper-rounded"
            onClick={[Function]}
          >
            <div
              className="MuiCardContent-root"
            >
              <p
                className="MuiTypography-root MuiTypography-body1"
              >
                10月26日
              </p>
            </div>
          </div>
        </div>
      </li>
      <li
        className="MuiGridListTile-root"
        style={
          Object {
            "height": "auto",
            "padding": 2,
            "width": "14.285714285714286%",
          }
        }
      >
        <div
          className="MuiGridListTile-tile"
        >
          <div
            className="MuiPaper-root MuiPaper-elevation1 MuiCard-root makeStyles-root-423 MuiPaper-rounded"
            onClick={[Function]}
          >
            <div
              className="MuiCardContent-root"
            >
              <p
                className="MuiTypography-root MuiTypography-body1"
              >
                10月27日
              </p>
            </div>
          </div>
        </div>
      </li>
      <li
        className="MuiGridListTile-root"
        style={
          Object {
            "height": "auto",
            "padding": 2,
            "width": "14.285714285714286%",
          }
        }
      >
        <div
          className="MuiGridListTile-tile"
        >
          <div
            className="MuiPaper-root MuiPaper-elevation1 MuiCard-root makeStyles-root-423 MuiPaper-rounded"
            onClick={[Function]}
          >
            <div
              className="MuiCardContent-root"
            >
              <p
                className="MuiTypography-root MuiTypography-body1"
              >
                10月28日
              </p>
            </div>
          </div>
        </div>
      </li>
      <li
        className="MuiGridListTile-root"
        style={
          Object {
            "height": "auto",
            "padding": 2,
            "width": "14.285714285714286%",
          }
        }
      >
        <div
          className="MuiGridListTile-tile"
        >
          <div
            className="MuiPaper-root MuiPaper-elevation1 MuiCard-root makeStyles-root-423 MuiPaper-rounded"
            onClick={[Function]}
          >
            <div
              className="MuiCardContent-root"
            >
              <p
                className="MuiTypography-root MuiTypography-body1"
              >
                10月29日
              </p>
            </div>
          </div>
        </div>
      </li>
      <li
        className="MuiGridListTile-root"
        style={
          Object {
            "height": "auto",
            "padding": 2,
            "width": "14.285714285714286%",
          }
        }
      >
        <div
          className="MuiGridListTile-tile"
        >
          <div
            className="MuiPaper-root MuiPaper-elevation1 MuiCard-root makeStyles-root-423 MuiPaper-rounded"
            onClick={[Function]}
          >
            <div
              className="MuiCardContent-root"
            >
              <p
                className="MuiTypography-root MuiTypography-body1"
              >
                10月30日
              </p>
            </div>
          </div>
        </div>
      </li>
      <li
        className="MuiGridListTile-root"
        style={
          Object {
            "height": "auto",
            "padding": 2,
            "width": "14.285714285714286%",
          }
        }
      >
        <div
          className="MuiGridListTile-tile"
        >
          <div
            className="MuiPaper-root MuiPaper-elevation1 MuiCard-root makeStyles-root-423 MuiPaper-rounded"
            onClick={[Function]}
          >
            <div
              className="MuiCardContent-root"
            >
              <p
                className="MuiTypography-root MuiTypography-body1"
              >
                10月31日
              </p>
            </div>
          </div>
        </div>
      </li>
    </ul>
  </div>
</main>
`;

exports[`Storyshots containers/template/コンテンツテンプレート 空欄 1`] = `
<main
  className="MuiContainer-root MuiContainer-fixed MuiContainer-maxWidthLg"
>
  <div>
    サンプル
  </div>
</main>
`;
